Size: Seed: XXXXXXXXXXXXXXXXX
X X X   X     X X
X X X X X XXX X X
X     X X   X   X
X XXXXX X XXXXXXX
X     X   X     X
XXXXXXX X X XXXXX
X     X X X     X
XXX X X X X XXX X
X   X   X     X X
XXX X X XXXXXXX X
X   X X   X X   X
X XXXXXXX X X X X
X     X   X X X X
XXX XXXXX X X X X
X     X     X X X
XXXXXXXXXXXXXXXXX
