 Maze width: Maze height: Random seed: ┌────┬┬──┬┬─┬─┬─┬─┐
│╷╷╷╷╵│╷╶┤│╷╵╶┼┐└╴│
│├┤└┤╷└┤╷╵││┌─┘└─╴│
├┘└╴└┴┬┴┘╷╵└┘┌╴┌╴╷│
│╷┌╴╶┐└┬╴├┬─╴├─┤┌┘│
│└┤╷┌┘╷╵╷│╵╶┐├╴└┴╴│
└─┴┴┴─┴─┴┴──┴┴────┘
